
==========================================================================
resizer report_tns
--------------------------------------------------------------------------
tns max 0.00

==========================================================================
resizer report_wns
--------------------------------------------------------------------------
wns max 0.00

==========================================================================
resizer report_worst_slack
--------------------------------------------------------------------------
worst slack max 78.00

==========================================================================
resizer report_clock_min_period
--------------------------------------------------------------------------
CLK period_min = 22.00 fmax = 45.45

==========================================================================
resizer report_checks -path_delay min
--------------------------------------------------------------------------
Startpoint: serializer_inst.piso.piso_flip_flops[4]$_SDFF_PP0_
            (rising edge-triggered flip-flop clocked by CLK)
Endpoint: serializer_inst.piso.piso_flip_flops[5]$_SDFF_PP0_
          (rising edge-triggered flip-flop clocked by CLK)
Path Group: CLK
Path Type: min

Fanout     Cap    Slew   Delay    Time   Description
-----------------------------------------------------------------------------
                  0.00    0.00    0.00   clock CLK (rise edge)
                          0.00    0.00   clock network delay (ideal)
                  0.00    0.00    0.00 ^ serializer_inst.piso.piso_flip_flops[4]$_SDFF_PP0_/CLK (sg13g2_dfrbpq_1)
     1    0.00    0.02    0.15    0.15 v serializer_inst.piso.piso_flip_flops[4]$_SDFF_PP0_/Q (sg13g2_dfrbpq_1)
                                         serializer_inst.piso.piso_flip_flops[4] (net)
                  0.02    0.00    0.15 v _2111_/A (sg13g2_inv_1)
     1    0.00    0.02    0.03    0.18 ^ _2111_/Y (sg13g2_inv_1)
                                         _0609_ (net)
                  0.02    0.00    0.18 ^ _2112_/C (sg13g2_nor3_1)
     1    0.00    0.02    0.03    0.21 v _2112_/Y (sg13g2_nor3_1)
                                         _0231_ (net)
                  0.02    0.00    0.21 v serializer_inst.piso.piso_flip_flops[5]$_SDFF_PP0_/D (sg13g2_dfrbpq_1)
                                  0.21   data arrival time

                  0.00    0.00    0.00   clock CLK (rise edge)
                          0.00    0.00   clock network delay (ideal)
                          0.00    0.00   clock reconvergence pessimism
                                  0.00 ^ serializer_inst.piso.piso_flip_flops[5]$_SDFF_PP0_/CLK (sg13g2_dfrbpq_1)
                         -0.04   -0.04   library hold time
                                 -0.04   data required time
-----------------------------------------------------------------------------
                                 -0.04   data required time
                                 -0.21   data arrival time
-----------------------------------------------------------------------------
                                  0.25   slack (MET)



==========================================================================
resizer report_checks -path_delay max
--------------------------------------------------------------------------
Startpoint: ADC_INPUT_VALID (input port clocked by CLK)
Endpoint: afe_controller_inst.fifo_in_sel[1]$_DFF_P_
          (rising edge-triggered flip-flop clocked by CLK)
Path Group: CLK
Path Type: max

Fanout     Cap    Slew   Delay    Time   Description
-----------------------------------------------------------------------------
                  0.00    0.00    0.00   clock CLK (rise edge)
                          0.00    0.00   clock network delay (ideal)
                         20.00   20.00 v input external delay
     1    0.03    0.00    0.00   20.00 v ADC_INPUT_VALID (in)
                                         ADC_INPUT_VALID (net)
                  0.01    0.00   20.00 v input239/A (sg13g2_buf_1)
     4    0.02    0.06    0.09   20.09 v input239/X (sg13g2_buf_1)
                                         net238 (net)
                  0.06    0.00   20.09 v _1118_/A (sg13g2_nor2b_1)
     3    0.03    0.28    0.24   20.34 ^ _1118_/Y (sg13g2_nor2b_1)
                                         _0671_ (net)
                  0.28    0.01   20.34 ^ _1148_/S (sg13g2_mux2_1)
     1    0.00    0.04    0.22   20.57 v _1148_/X (sg13g2_mux2_1)
                                         _0699_ (net)
                  0.04    0.00   20.57 v _1152_/B1 (sg13g2_a221oi_1)
     2    0.02    0.33    0.29   20.85 ^ _1152_/Y (sg13g2_a221oi_1)
                                         _0703_ (net)
                  0.33    0.00   20.86 ^ _1153_/B (sg13g2_nor4_1)
     1    0.00    0.08    0.12   20.98 v _1153_/Y (sg13g2_nor4_1)
                                         _0704_ (net)
                  0.08    0.00   20.98 v _1157_/A_N (sg13g2_nand2b_1)
     7    0.05    0.28    0.29   21.26 v _1157_/Y (sg13g2_nand2b_1)
                                         _0708_ (net)
                  0.28    0.00   21.27 v _1159_/A (sg13g2_inv_4)
     5    0.02    0.07    0.08   21.34 ^ _1159_/Y (sg13g2_inv_4)
                                         _0710_ (net)
                  0.07    0.00   21.34 ^ place473/A (sg13g2_buf_1)
     7    0.03    0.15    0.17   21.51 ^ place473/X (sg13g2_buf_1)
                                         net472 (net)
                  0.15    0.00   21.51 ^ _1188_/S (sg13g2_mux2_1)
     1    0.00    0.04    0.20   21.71 v _1188_/X (sg13g2_mux2_1)
                                         _0735_ (net)
                  0.04    0.00   21.71 v _1194_/A2 (sg13g2_a221oi_1)
     1    0.00    0.11    0.15   21.86 ^ _1194_/Y (sg13g2_a221oi_1)
                                         _0005_ (net)
                  0.11    0.00   21.86 ^ afe_controller_inst.fifo_in_sel[1]$_DFF_P_/D (sg13g2_dfrbpq_1)
                                 21.86   data arrival time

                  0.00  100.00  100.00   clock CLK (rise edge)
                          0.00  100.00   clock network delay (ideal)
                          0.00  100.00   clock reconvergence pessimism
                                100.00 ^ afe_controller_inst.fifo_in_sel[1]$_DFF_P_/CLK (sg13g2_dfrbpq_1)
                         -0.15   99.85   library setup time
                                 99.85   data required time
-----------------------------------------------------------------------------
                                 99.85   data required time
                                -21.86   data arrival time
-----------------------------------------------------------------------------
                                 78.00   slack (MET)



==========================================================================
resizer report_checks -unconstrained
--------------------------------------------------------------------------
Startpoint: ADC_INPUT_VALID (input port clocked by CLK)
Endpoint: afe_controller_inst.fifo_in_sel[1]$_DFF_P_
          (rising edge-triggered flip-flop clocked by CLK)
Path Group: CLK
Path Type: max

Fanout     Cap    Slew   Delay    Time   Description
-----------------------------------------------------------------------------
                  0.00    0.00    0.00   clock CLK (rise edge)
                          0.00    0.00   clock network delay (ideal)
                         20.00   20.00 v input external delay
     1    0.03    0.00    0.00   20.00 v ADC_INPUT_VALID (in)
                                         ADC_INPUT_VALID (net)
                  0.01    0.00   20.00 v input239/A (sg13g2_buf_1)
     4    0.02    0.06    0.09   20.09 v input239/X (sg13g2_buf_1)
                                         net238 (net)
                  0.06    0.00   20.09 v _1118_/A (sg13g2_nor2b_1)
     3    0.03    0.28    0.24   20.34 ^ _1118_/Y (sg13g2_nor2b_1)
                                         _0671_ (net)
                  0.28    0.01   20.34 ^ _1148_/S (sg13g2_mux2_1)
     1    0.00    0.04    0.22   20.57 v _1148_/X (sg13g2_mux2_1)
                                         _0699_ (net)
                  0.04    0.00   20.57 v _1152_/B1 (sg13g2_a221oi_1)
     2    0.02    0.33    0.29   20.85 ^ _1152_/Y (sg13g2_a221oi_1)
                                         _0703_ (net)
                  0.33    0.00   20.86 ^ _1153_/B (sg13g2_nor4_1)
     1    0.00    0.08    0.12   20.98 v _1153_/Y (sg13g2_nor4_1)
                                         _0704_ (net)
                  0.08    0.00   20.98 v _1157_/A_N (sg13g2_nand2b_1)
     7    0.05    0.28    0.29   21.26 v _1157_/Y (sg13g2_nand2b_1)
                                         _0708_ (net)
                  0.28    0.00   21.27 v _1159_/A (sg13g2_inv_4)
     5    0.02    0.07    0.08   21.34 ^ _1159_/Y (sg13g2_inv_4)
                                         _0710_ (net)
                  0.07    0.00   21.34 ^ place473/A (sg13g2_buf_1)
     7    0.03    0.15    0.17   21.51 ^ place473/X (sg13g2_buf_1)
                                         net472 (net)
                  0.15    0.00   21.51 ^ _1188_/S (sg13g2_mux2_1)
     1    0.00    0.04    0.20   21.71 v _1188_/X (sg13g2_mux2_1)
                                         _0735_ (net)
                  0.04    0.00   21.71 v _1194_/A2 (sg13g2_a221oi_1)
     1    0.00    0.11    0.15   21.86 ^ _1194_/Y (sg13g2_a221oi_1)
                                         _0005_ (net)
                  0.11    0.00   21.86 ^ afe_controller_inst.fifo_in_sel[1]$_DFF_P_/D (sg13g2_dfrbpq_1)
                                 21.86   data arrival time

                  0.00  100.00  100.00   clock CLK (rise edge)
                          0.00  100.00   clock network delay (ideal)
                          0.00  100.00   clock reconvergence pessimism
                                100.00 ^ afe_controller_inst.fifo_in_sel[1]$_DFF_P_/CLK (sg13g2_dfrbpq_1)
                         -0.15   99.85   library setup time
                                 99.85   data required time
-----------------------------------------------------------------------------
                                 99.85   data required time
                                -21.86   data arrival time
-----------------------------------------------------------------------------
                                 78.00   slack (MET)



==========================================================================
resizer report_check_types -max_slew -max_cap -max_fanout -violators
--------------------------------------------------------------------------

==========================================================================
resizer max_slew_check_slack
--------------------------------------------------------------------------
1.8961193561553955

==========================================================================
resizer max_slew_check_limit
--------------------------------------------------------------------------
2.5074000358581543

==========================================================================
resizer max_slew_check_slack_limit
--------------------------------------------------------------------------
0.7562

==========================================================================
resizer max_fanout_check_slack
--------------------------------------------------------------------------
0.0

==========================================================================
resizer max_fanout_check_limit
--------------------------------------------------------------------------
8.0

==========================================================================
resizer max_fanout_check_slack_limit
--------------------------------------------------------------------------
0.0000

==========================================================================
resizer max_capacitance_check_slack
--------------------------------------------------------------------------
0.1696745753288269

==========================================================================
resizer max_capacitance_check_limit
--------------------------------------------------------------------------
0.30000001192092896

==========================================================================
resizer max_capacitance_check_slack_limit
--------------------------------------------------------------------------
0.5656

==========================================================================
resizer max_slew_violation_count
--------------------------------------------------------------------------
max slew violation count 0

==========================================================================
resizer max_fanout_violation_count
--------------------------------------------------------------------------
max fanout violation count 0

==========================================================================
resizer max_cap_violation_count
--------------------------------------------------------------------------
max cap violation count 0

==========================================================================
resizer setup_violation_count
--------------------------------------------------------------------------
setup violation count 0

==========================================================================
resizer hold_violation_count
--------------------------------------------------------------------------
hold violation count 0

==========================================================================
resizer report_checks -path_delay max reg to reg
--------------------------------------------------------------------------
Startpoint: afe_controller_inst.fsm.state[0]$_SDFFE_PP0P_
            (rising edge-triggered flip-flop clocked by CLK)
Endpoint: afe_controller_inst.fifo_in_sel[1]$_DFF_P_
          (rising edge-triggered flip-flop clocked by CLK)
Path Group: CLK
Path Type: max

  Delay    Time   Description
---------------------------------------------------------
   0.00    0.00   clock CLK (rise edge)
   0.00    0.00   clock network delay (ideal)
   0.00    0.00 ^ afe_controller_inst.fsm.state[0]$_SDFFE_PP0P_/CLK (sg13g2_dfrbpq_1)
   0.22    0.22 v afe_controller_inst.fsm.state[0]$_SDFFE_PP0P_/Q (sg13g2_dfrbpq_1)
   0.17    0.39 v place527/X (sg13g2_buf_1)
   0.18    0.57 v place526/X (sg13g2_buf_1)
   0.14    0.71 ^ _1079_/Y (sg13g2_inv_1)
   0.09    0.80 v _1145_/Y (sg13g2_o21ai_1)
   0.32    1.12 ^ _1152_/Y (sg13g2_a221oi_1)
   0.12    1.24 v _1153_/Y (sg13g2_nor4_1)
   0.29    1.53 v _1157_/Y (sg13g2_nand2b_1)
   0.08    1.61 ^ _1159_/Y (sg13g2_inv_4)
   0.17    1.78 ^ place473/X (sg13g2_buf_1)
   0.20    1.97 v _1188_/X (sg13g2_mux2_1)
   0.15    2.12 ^ _1194_/Y (sg13g2_a221oi_1)
   0.00    2.12 ^ afe_controller_inst.fifo_in_sel[1]$_DFF_P_/D (sg13g2_dfrbpq_1)
           2.12   data arrival time

 100.00  100.00   clock CLK (rise edge)
   0.00  100.00   clock network delay (ideal)
   0.00  100.00   clock reconvergence pessimism
         100.00 ^ afe_controller_inst.fifo_in_sel[1]$_DFF_P_/CLK (sg13g2_dfrbpq_1)
  -0.15   99.85   library setup time
          99.85   data required time
---------------------------------------------------------
          99.85   data required time
          -2.12   data arrival time
---------------------------------------------------------
          97.73   slack (MET)



==========================================================================
resizer report_checks -path_delay min reg to reg
--------------------------------------------------------------------------
Startpoint: serializer_inst.piso.piso_flip_flops[4]$_SDFF_PP0_
            (rising edge-triggered flip-flop clocked by CLK)
Endpoint: serializer_inst.piso.piso_flip_flops[5]$_SDFF_PP0_
          (rising edge-triggered flip-flop clocked by CLK)
Path Group: CLK
Path Type: min

  Delay    Time   Description
---------------------------------------------------------
   0.00    0.00   clock CLK (rise edge)
   0.00    0.00   clock network delay (ideal)
   0.00    0.00 ^ serializer_inst.piso.piso_flip_flops[4]$_SDFF_PP0_/CLK (sg13g2_dfrbpq_1)
   0.15    0.15 v serializer_inst.piso.piso_flip_flops[4]$_SDFF_PP0_/Q (sg13g2_dfrbpq_1)
   0.03    0.18 ^ _2111_/Y (sg13g2_inv_1)
   0.03    0.21 v _2112_/Y (sg13g2_nor3_1)
   0.00    0.21 v serializer_inst.piso.piso_flip_flops[5]$_SDFF_PP0_/D (sg13g2_dfrbpq_1)
           0.21   data arrival time

   0.00    0.00   clock CLK (rise edge)
   0.00    0.00   clock network delay (ideal)
   0.00    0.00   clock reconvergence pessimism
           0.00 ^ serializer_inst.piso.piso_flip_flops[5]$_SDFF_PP0_/CLK (sg13g2_dfrbpq_1)
  -0.04   -0.04   library hold time
          -0.04   data required time
---------------------------------------------------------
          -0.04   data required time
          -0.21   data arrival time
---------------------------------------------------------
           0.25   slack (MET)



==========================================================================
resizer critical path target clock latency max path
--------------------------------------------------------------------------
0.0000

==========================================================================
resizer critical path target clock latency min path
--------------------------------------------------------------------------
0.0000

==========================================================================
resizer critical path source clock latency min path
--------------------------------------------------------------------------
0.0000

==========================================================================
resizer critical path delay
--------------------------------------------------------------------------
21.8551

==========================================================================
resizer critical path slack
--------------------------------------------------------------------------
77.9994

==========================================================================
resizer slack div critical path delay
--------------------------------------------------------------------------
356.893357

==========================================================================
resizer report_power
--------------------------------------------------------------------------
Corner: typ
Group                  Internal  Switching    Leakage      Total
                          Power      Power      Power      Power (Watts)
----------------------------------------------------------------
Sequential             1.31e-04   1.14e-06   1.11e-07   1.32e-04  90.9%
Combinational          4.86e-06   8.20e-06   1.42e-07   1.32e-05   9.1%
Clock                  0.00e+00   0.00e+00   0.00e+00   0.00e+00   0.0%
Macro                  0.00e+00   0.00e+00   0.00e+00   0.00e+00   0.0%
Pad                    0.00e+00   0.00e+00   0.00e+00   0.00e+00   0.0%
----------------------------------------------------------------
Total                  1.36e-04   9.34e-06   2.53e-07   1.45e-04 100.0%
                          93.4%       6.4%       0.2%
